// Jest Snapshot v1, https://goo.gl/fbAQLP

exports[`Missions snapshot should render missions data correctly 1`] = `
<div
  class="table-wrapper"
>
  <table
    class="table table-striped table-bordered"
  >
    <thead>
      <tr>
        <th>
          #
        </th>
        <th>
          Mission
        </th>
        <th>
          Description
        </th>
        <th>
          Status
        </th>
        <th>
           
        </th>
      </tr>
    </thead>
    <tbody />
  </table>
  <p>
    Loading...
  </p>
</div>
`;
